[+] Containers:
 |- [+] Container: /Game/FirstPerson/Maps/DisplayMap
 |   |- [+] ActorDescs:
 |   |   |- Guid:0074E44A81B53CB19DD61A025F808810 NativeClass:/Script/Engine.SkyAtmosphere Name:SkyAtmosphere_0 Label:SkyAtmosphere SpatiallyLoaded:false EditorBounds:IsValid=true, Min=(X=-128.000 Y=-128.000 Z=892.000), Max=(X=240.000 Y=128.000 Z=1148.000) RuntimeBounds:IsValid=true, Min=(X=0.000 Y=0.000 Z=1020.000), Max=(X=0.000 Y=0.000 Z=1020.000) RuntimeGrid:None EditorOnly:false RuntimeOnly:false HLODRelevant:false ListedInSceneOutliner:true IsMainWorldOnly:false FolderPath:Lighting FolderGuid:D9E1224C415FCB205E4105B3245ADAAB
 |   |   |- Guid:211FDA5721B331E1AD5ABB0DDC1BB239 NativeClass:/Script/Engine.StaticMeshActor Name:StaticMeshActor_8 Label:SM_Cube6 SpatiallyLoaded:true EditorBounds:IsValid=true, Min=(X=2900.000 Y=100.000 Z=0.000), Max=(X=3000.000 Y=3400.000 Z=400.000) RuntimeBounds:IsValid=true, Min=(X=2900.000 Y=100.000 Z=0.000), Max=(X=3000.000 Y=3400.000 Z=400.000) RuntimeGrid:None EditorOnly:false RuntimeOnly:false HLODRelevant:true ListedInSceneOutliner:true IsMainWorldOnly:false FolderPath:Playground FolderGuid:CDC3EA2D424DF73175D386948543BF31
 |   |   |- Guid:2141C6C8DB5734A086C365120C310466 NativeClass:/Script/Engine.StaticMeshActor Name:StaticMeshActor_2 Label:SM_Cube2 SpatiallyLoaded:true EditorBounds:IsValid=true, Min=(X=0.000 Y=0.000 Z=0.000), Max=(X=3000.000 Y=100.000 Z=400.000) RuntimeBounds:IsValid=true, Min=(X=0.000 Y=0.000 Z=0.000), Max=(X=3000.000 Y=100.000 Z=400.000) RuntimeGrid:None EditorOnly:false RuntimeOnly:false HLODRelevant:true ListedInSceneOutliner:true IsMainWorldOnly:false FolderPath:Playground FolderGuid:CDC3EA2D424DF73175D386948543BF31
 |   |   |- Guid:2799BFE4FC0A3FA4AADA3795D40F0564 NativeClass:/Script/Engine.PlayerStart Name:PlayerStart_0 Label:PlayerStart SpatiallyLoaded:false EditorBounds:IsValid=true, Min=(X=1042.000 Y=1652.000 Z=-35.987), Max=(X=1410.000 Y=1908.000 Z=220.013) RuntimeBounds:IsValid=true, Min=(X=1130.000 Y=1740.000 Z=0.013), Max=(X=1210.000 Y=1820.000 Z=184.013) RuntimeGrid:None EditorOnly:false RuntimeOnly:false HLODRelevant:false ListedInSceneOutliner:true IsMainWorldOnly:false
 |   |   |- Guid:2E5ACA82428F32CDB0A540B6E9BC6E16 NativeClass:/Script/Engine.DirectionalLight Name:DirectionalLight_0 Label:DirectionalLight SpatiallyLoaded:false EditorBounds:IsValid=false, Min=(X=0.000 Y=0.000 Z=0.000), Max=(X=0.000 Y=0.000 Z=0.000) RuntimeBounds:IsValid=false, Min=(X=0.000 Y=0.000 Z=0.000), Max=(X=0.000 Y=0.000 Z=0.000) RuntimeGrid:None EditorOnly:false RuntimeOnly:false HLODRelevant:false ListedInSceneOutliner:true IsMainWorldOnly:false FolderPath:Lighting FolderGuid:D9E1224C415FCB205E4105B3245ADAAB
 |   |   |- Guid:31013E2EE45E3458A6737BC494C5BBEE NativeClass:/Script/Engine.SkyLight Name:SkyLight_0 Label:SkyLight SpatiallyLoaded:false EditorBounds:IsValid=true, Min=(X=-1.000 Y=-1.000 Z=-1.000), Max=(X=1.000 Y=1.000 Z=690.000) RuntimeBounds:IsValid=true, Min=(X=0.000 Y=0.000 Z=690.000), Max=(X=0.000 Y=0.000 Z=690.000) RuntimeGrid:None EditorOnly:false RuntimeOnly:false HLODRelevant:false ListedInSceneOutliner:true IsMainWorldOnly:false FolderPath:Lighting FolderGuid:D9E1224C415FCB205E4105B3245ADAAB
 |   |   |- Guid:42F8F0897C023FF0B2649D0A5E105673 NativeClass:/Script/Engine.StaticMeshActor Name:StaticMeshActor_7 Label:SM_Cube5 SpatiallyLoaded:true EditorBounds:IsValid=true, Min=(X=-0.000 Y=100.000 Z=0.000), Max=(X=100.000 Y=3400.000 Z=400.000) RuntimeBounds:IsValid=true, Min=(X=-0.000 Y=100.000 Z=0.000), Max=(X=100.000 Y=3400.000 Z=400.000) RuntimeGrid:None EditorOnly:false RuntimeOnly:false HLODRelevant:true ListedInSceneOutliner:true IsMainWorldOnly:false FolderPath:Playground FolderGuid:CDC3EA2D424DF73175D386948543BF31
 |   |   |- Guid:60C2FF66F08B3E298F6816CFC0447361 NativeClass:/Script/LevelSequence.LevelSequenceActor Name:LevelSequenceActor_UAID_40B07608AE9615AD02_1472253887 Label:NewLevelSequence2 SpatiallyLoaded:false EditorBounds:IsValid=true, Min=(X=363.000 Y=941.000 Z=-198.000), Max=(X=619.000 Y=1197.000 Z=58.000) RuntimeBounds:IsValid=true, Min=(X=491.000 Y=1069.000 Z=-70.000), Max=(X=491.000 Y=1069.000 Z=-70.000) RuntimeGrid:None EditorOnly:false RuntimeOnly:false HLODRelevant:false ListedInSceneOutliner:true IsMainWorldOnly:false
 |   |   |- Guid:6CDDA87AB298320AB0868658B834E679 NativeClass:/Script/Engine.ExponentialHeightFog Name:ExponentialHeightFog_0 Label:ExponentialHeightFog SpatiallyLoaded:false EditorBounds:IsValid=true, Min=(X=-5728.000 Y=-178.000 Z=-6978.000), Max=(X=-5472.000 Y=78.000 Z=-6722.000) RuntimeBounds:IsValid=true, Min=(X=-5600.000 Y=-50.000 Z=-6850.000), Max=(X=-5600.000 Y=-50.000 Z=-6850.000) RuntimeGrid:None EditorOnly:false RuntimeOnly:false HLODRelevant:false ListedInSceneOutliner:true IsMainWorldOnly:false FolderPath:Lighting FolderGuid:D9E1224C415FCB205E4105B3245ADAAB
 |   |   |- Guid:83617C4C9B323825AC6C8AD9F0C5463B NativeClass:/Script/NavigationSystem.NavMeshBoundsVolume Name:NavMeshBoundsVolume_UAID_40B07608AE96D4AB02_1628482383 Label:NavMeshBoundsVolume SpatiallyLoaded:false EditorBounds:IsValid=true, Min=(X=130.000 Y=90.000 Z=-210.455), Max=(X=2930.000 Y=3390.000 Z=410.455) RuntimeBounds:IsValid=true, Min=(X=130.000 Y=90.000 Z=-210.455), Max=(X=2930.000 Y=3390.000 Z=410.455) RuntimeGrid:None EditorOnly:false RuntimeOnly:false HLODRelevant:false ListedInSceneOutliner:true IsMainWorldOnly:false
 |   |   |- Guid:94154B9924CE3EB3AC1DD6A45963B8E5 NativeClass:/Script/Engine.PostProcessVolume Name:PostProcessVolume_0 Label:PostProcessVolume SpatiallyLoaded:false EditorBounds:IsValid=true, Min=(X=0.000 Y=0.000 Z=400.000), Max=(X=200.000 Y=200.000 Z=600.000) RuntimeBounds:IsValid=true, Min=(X=0.000 Y=0.000 Z=400.000), Max=(X=200.000 Y=200.000 Z=600.000) RuntimeGrid:None EditorOnly:false RuntimeOnly:false HLODRelevant:false ListedInSceneOutliner:true IsMainWorldOnly:false FolderPath:Lighting FolderGuid:D9E1224C415FCB205E4105B3245ADAAB
 |   |   |- Guid:9ECAB6A18EDF3F4DBAC9EC9E6BFB4105 NativeClass:/Script/Engine.VolumetricCloud Name:VolumetricCloud_0 Label:VolumetricCloud SpatiallyLoaded:false EditorBounds:IsValid=true, Min=(X=-128.000 Y=-128.000 Z=692.000), Max=(X=128.000 Y=128.000 Z=948.000) RuntimeBounds:IsValid=true, Min=(X=0.000 Y=0.000 Z=820.000), Max=(X=0.000 Y=0.000 Z=820.000) RuntimeGrid:None EditorOnly:false RuntimeOnly:false HLODRelevant:false ListedInSceneOutliner:true IsMainWorldOnly:false FolderPath:Lighting FolderGuid:D9E1224C415FCB205E4105B3245ADAAB
 |   |   |- Guid:B75A139F84A7311ABA757455AFFFCF93 NativeClass:/Script/Engine.StaticMeshActor Name:StaticMeshActor_26 Label:SM_QuarterCylinder7 SpatiallyLoaded:true EditorBounds:IsValid=true, Min=(X=1236.000 Y=1528.000 Z=-256.000), Max=(X=1364.000 Y=1592.000 Z=256.000) RuntimeBounds:IsValid=true, Min=(X=1236.000 Y=1528.000 Z=-256.000), Max=(X=1364.000 Y=1592.000 Z=256.000) RuntimeGrid:None EditorOnly:false RuntimeOnly:false HLODRelevant:true ListedInSceneOutliner:true IsMainWorldOnly:false FolderPath:Block03 FolderGuid:EED76D7B47CF3E1440F359A1FAC3309E
 |   |   |- Guid:C8401442EE293306BC8940D071C6F13F NativeClass:/Script/Engine.TextRenderActor Name:TextRenderActor_0 Label:TextRenderActor SpatiallyLoaded:true EditorBounds:IsValid=true, Min=(X=-128.100 Y=972.000 Z=12.013), Max=(X=127.900 Y=2363.461 Z=268.013) RuntimeBounds:IsValid=true, Min=(X=-0.100 Y=1100.000 Z=65.013), Max=(X=-0.100 Y=2363.461 Z=215.013) RuntimeGrid:None EditorOnly:false RuntimeOnly:false HLODRelevant:false ListedInSceneOutliner:true IsMainWorldOnly:false
 |   |   |- Guid:CAF079F4AD913433AA26F69B1A8D600A NativeClass:/Script/Engine.StaticMeshActor Name:StaticMeshActor_3 Label:SM_Cube3 SpatiallyLoaded:true EditorBounds:IsValid=true, Min=(X=0.000 Y=3400.000 Z=0.000), Max=(X=3000.000 Y=3500.000 Z=400.000) RuntimeBounds:IsValid=true, Min=(X=0.000 Y=3400.000 Z=0.000), Max=(X=3000.000 Y=3500.000 Z=400.000) RuntimeGrid:None EditorOnly:false RuntimeOnly:false HLODRelevant:true ListedInSceneOutliner:true IsMainWorldOnly:false FolderPath:Playground FolderGuid:CDC3EA2D424DF73175D386948543BF31
 |   |   |- Guid:CC978C0DC2543A9D90A034BB3583403B NativeClass:/Script/LevelSequence.LevelSequenceActor Name:LevelSequenceActor_UAID_40B07608AE9611AD02_1177008180 Label:NewLevelSequence SpatiallyLoaded:false EditorBounds:IsValid=true, Min=(X=1236.000 Y=917.000 Z=-196.000), Max=(X=1492.000 Y=1173.000 Z=60.000) RuntimeBounds:IsValid=true, Min=(X=1364.000 Y=1045.000 Z=-68.000), Max=(X=1364.000 Y=1045.000 Z=-68.000) RuntimeGrid:None EditorOnly:false RuntimeOnly:false HLODRelevant:false ListedInSceneOutliner:true IsMainWorldOnly:false
 |   |   |- Guid:E449D3E1986E38F0BDCA23911BE048B6 NativeClass:/Script/Engine.StaticMeshActor Name:StaticMeshActor_0 Label:SM_Cube SpatiallyLoaded:true EditorBounds:IsValid=true, Min=(X=0.000 Y=0.000 Z=-50.000), Max=(X=3000.000 Y=3500.000 Z=0.000) RuntimeBounds:IsValid=true, Min=(X=0.000 Y=0.000 Z=-50.000), Max=(X=3000.000 Y=3500.000 Z=0.000) RuntimeGrid:None EditorOnly:false RuntimeOnly:false HLODRelevant:true ListedInSceneOutliner:true IsMainWorldOnly:false FolderPath:Playground FolderGuid:CDC3EA2D424DF73175D386948543BF31
 |   |   |- Guid:E58D97CF1DC43AC1ABA74365C53B66FA NativeClass:/Script/Engine.WorldDataLayers Name:WorldDataLayers Label:WorldDataLayers-1 SpatiallyLoaded:false EditorBounds:IsValid=false, Min=(X=0.000 Y=0.000 Z=0.000), Max=(X=0.000 Y=0.000 Z=0.000) RuntimeBounds:IsValid=false, Min=(X=0.000 Y=0.000 Z=0.000), Max=(X=0.000 Y=0.000 Z=0.000) RuntimeGrid:None EditorOnly:false RuntimeOnly:false HLODRelevant:false ListedInSceneOutliner:true IsMainWorldOnly:true
 |   |   |- Guid:F526D0B4617A37EA9B6A14ABAFF9D02D NativeClass:/Script/Engine.StaticMeshActor Name:StaticMeshActor_UAID_A4AE111137DC5FFB00_1159438599 Label:SM_SkySphere SpatiallyLoaded:false EditorBounds:IsValid=true, Min=(X=-1638400.000 Y=-1638400.000 Z=-1638400.000), Max=(X=1638400.000 Y=1638400.000 Z=1638400.000) RuntimeBounds:IsValid=true, Min=(X=-1638400.000 Y=-1638400.000 Z=-1638400.000), Max=(X=1638400.000 Y=1638400.000 Z=1638400.000) RuntimeGrid:None EditorOnly:false RuntimeOnly:false HLODRelevant:false ListedInSceneOutliner:true IsMainWorldOnly:false FolderPath:Lighting FolderGuid:D9E1224C415FCB205E4105B3245ADAAB
 |   |   |- Guid:FA96DC722363306BA4492F1932F65E16 NativeClass:/Script/LevelSequence.LevelSequenceActor Name:LevelSequenceActor_UAID_40B07608AE9628AD02_1321829223 Label:NewLevelSequence3 SpatiallyLoaded:false EditorBounds:IsValid=true, Min=(X=432.000 Y=772.000 Z=-338.000), Max=(X=688.000 Y=1028.000 Z=-82.000) RuntimeBounds:IsValid=true, Min=(X=560.000 Y=900.000 Z=-210.000), Max=(X=560.000 Y=900.000 Z=-210.000) RuntimeGrid:None EditorOnly:false RuntimeOnly:false HLODRelevant:false ListedInSceneOutliner:true IsMainWorldOnly:false
 |   |   |- Guid:FD593C33818932B3B76D0D197BA8E70A NativeClass:/Script/NavigationSystem.RecastNavMesh Name:RecastNavMesh_UAID_40B07608AE96D4AB02-Default Label:RecastNavMesh-Default SpatiallyLoaded:false EditorBounds:IsValid=true, Min=(X=0.000 Y=0.000 Z=0.000), Max=(X=0.000 Y=0.000 Z=0.000) RuntimeBounds:IsValid=true, Min=(X=0.000 Y=0.000 Z=0.000), Max=(X=0.000 Y=0.000 Z=0.000) RuntimeGrid:None EditorOnly:false RuntimeOnly:false HLODRelevant:false ListedInSceneOutliner:true IsMainWorldOnly:false
 |   |- [+] Clusters:
 |   |   |- [+] [  0]
 |   |   |   |- Guid:0074E44A81B53CB19DD61A025F808810 NativeClass:/Script/Engine.SkyAtmosphere Name:SkyAtmosphere_0 Label:SkyAtmosphere SpatiallyLoaded:false EditorBounds:IsValid=true, Min=(X=-128.000 Y=-128.000 Z=892.000), Max=(X=240.000 Y=128.000 Z=1148.000) RuntimeBounds:IsValid=true, Min=(X=0.000 Y=0.000 Z=1020.000), Max=(X=0.000 Y=0.000 Z=1020.000) RuntimeGrid:None EditorOnly:false RuntimeOnly:false HLODRelevant:false ListedInSceneOutliner:true IsMainWorldOnly:false FolderPath:Lighting FolderGuid:D9E1224C415FCB205E4105B3245ADAAB
 |   |   |- [+] [  1]
 |   |   |   |- Guid:211FDA5721B331E1AD5ABB0DDC1BB239 NativeClass:/Script/Engine.StaticMeshActor Name:StaticMeshActor_8 Label:SM_Cube6 SpatiallyLoaded:true EditorBounds:IsValid=true, Min=(X=2900.000 Y=100.000 Z=0.000), Max=(X=3000.000 Y=3400.000 Z=400.000) RuntimeBounds:IsValid=true, Min=(X=2900.000 Y=100.000 Z=0.000), Max=(X=3000.000 Y=3400.000 Z=400.000) RuntimeGrid:None EditorOnly:false RuntimeOnly:false HLODRelevant:true ListedInSceneOutliner:true IsMainWorldOnly:false FolderPath:Playground FolderGuid:CDC3EA2D424DF73175D386948543BF31
 |   |   |- [+] [  2]
 |   |   |   |- Guid:2141C6C8DB5734A086C365120C310466 NativeClass:/Script/Engine.StaticMeshActor Name:StaticMeshActor_2 Label:SM_Cube2 SpatiallyLoaded:true EditorBounds:IsValid=true, Min=(X=0.000 Y=0.000 Z=0.000), Max=(X=3000.000 Y=100.000 Z=400.000) RuntimeBounds:IsValid=true, Min=(X=0.000 Y=0.000 Z=0.000), Max=(X=3000.000 Y=100.000 Z=400.000) RuntimeGrid:None EditorOnly:false RuntimeOnly:false HLODRelevant:true ListedInSceneOutliner:true IsMainWorldOnly:false FolderPath:Playground FolderGuid:CDC3EA2D424DF73175D386948543BF31
 |   |   |- [+] [  3]
 |   |   |   |- Guid:2799BFE4FC0A3FA4AADA3795D40F0564 NativeClass:/Script/Engine.PlayerStart Name:PlayerStart_0 Label:PlayerStart SpatiallyLoaded:false EditorBounds:IsValid=true, Min=(X=1042.000 Y=1652.000 Z=-35.987), Max=(X=1410.000 Y=1908.000 Z=220.013) RuntimeBounds:IsValid=true, Min=(X=1130.000 Y=1740.000 Z=0.013), Max=(X=1210.000 Y=1820.000 Z=184.013) RuntimeGrid:None EditorOnly:false RuntimeOnly:false HLODRelevant:false ListedInSceneOutliner:true IsMainWorldOnly:false
 |   |   |- [+] [  4]
 |   |   |   |- Guid:2E5ACA82428F32CDB0A540B6E9BC6E16 NativeClass:/Script/Engine.DirectionalLight Name:DirectionalLight_0 Label:DirectionalLight SpatiallyLoaded:false EditorBounds:IsValid=false, Min=(X=0.000 Y=0.000 Z=0.000), Max=(X=0.000 Y=0.000 Z=0.000) RuntimeBounds:IsValid=false, Min=(X=0.000 Y=0.000 Z=0.000), Max=(X=0.000 Y=0.000 Z=0.000) RuntimeGrid:None EditorOnly:false RuntimeOnly:false HLODRelevant:false ListedInSceneOutliner:true IsMainWorldOnly:false FolderPath:Lighting FolderGuid:D9E1224C415FCB205E4105B3245ADAAB
 |   |   |- [+] [  5]
 |   |   |   |- Guid:31013E2EE45E3458A6737BC494C5BBEE NativeClass:/Script/Engine.SkyLight Name:SkyLight_0 Label:SkyLight SpatiallyLoaded:false EditorBounds:IsValid=true, Min=(X=-1.000 Y=-1.000 Z=-1.000), Max=(X=1.000 Y=1.000 Z=690.000) RuntimeBounds:IsValid=true, Min=(X=0.000 Y=0.000 Z=690.000), Max=(X=0.000 Y=0.000 Z=690.000) RuntimeGrid:None EditorOnly:false RuntimeOnly:false HLODRelevant:false ListedInSceneOutliner:true IsMainWorldOnly:false FolderPath:Lighting FolderGuid:D9E1224C415FCB205E4105B3245ADAAB
 |   |   |- [+] [  6]
 |   |   |   |- Guid:42F8F0897C023FF0B2649D0A5E105673 NativeClass:/Script/Engine.StaticMeshActor Name:StaticMeshActor_7 Label:SM_Cube5 SpatiallyLoaded:true EditorBounds:IsValid=true, Min=(X=-0.000 Y=100.000 Z=0.000), Max=(X=100.000 Y=3400.000 Z=400.000) RuntimeBounds:IsValid=true, Min=(X=-0.000 Y=100.000 Z=0.000), Max=(X=100.000 Y=3400.000 Z=400.000) RuntimeGrid:None EditorOnly:false RuntimeOnly:false HLODRelevant:true ListedInSceneOutliner:true IsMainWorldOnly:false FolderPath:Playground FolderGuid:CDC3EA2D424DF73175D386948543BF31
 |   |   |- [+] [  7]
 |   |   |   |- Guid:60C2FF66F08B3E298F6816CFC0447361 NativeClass:/Script/LevelSequence.LevelSequenceActor Name:LevelSequenceActor_UAID_40B07608AE9615AD02_1472253887 Label:NewLevelSequence2 SpatiallyLoaded:false EditorBounds:IsValid=true, Min=(X=363.000 Y=941.000 Z=-198.000), Max=(X=619.000 Y=1197.000 Z=58.000) RuntimeBounds:IsValid=true, Min=(X=491.000 Y=1069.000 Z=-70.000), Max=(X=491.000 Y=1069.000 Z=-70.000) RuntimeGrid:None EditorOnly:false RuntimeOnly:false HLODRelevant:false ListedInSceneOutliner:true IsMainWorldOnly:false
 |   |   |- [+] [  8]
 |   |   |   |- Guid:6CDDA87AB298320AB0868658B834E679 NativeClass:/Script/Engine.ExponentialHeightFog Name:ExponentialHeightFog_0 Label:ExponentialHeightFog SpatiallyLoaded:false EditorBounds:IsValid=true, Min=(X=-5728.000 Y=-178.000 Z=-6978.000), Max=(X=-5472.000 Y=78.000 Z=-6722.000) RuntimeBounds:IsValid=true, Min=(X=-5600.000 Y=-50.000 Z=-6850.000), Max=(X=-5600.000 Y=-50.000 Z=-6850.000) RuntimeGrid:None EditorOnly:false RuntimeOnly:false HLODRelevant:false ListedInSceneOutliner:true IsMainWorldOnly:false FolderPath:Lighting FolderGuid:D9E1224C415FCB205E4105B3245ADAAB
 |   |   |- [+] [  9]
 |   |   |   |- Guid:83617C4C9B323825AC6C8AD9F0C5463B NativeClass:/Script/NavigationSystem.NavMeshBoundsVolume Name:NavMeshBoundsVolume_UAID_40B07608AE96D4AB02_1628482383 Label:NavMeshBoundsVolume SpatiallyLoaded:false EditorBounds:IsValid=true, Min=(X=130.000 Y=90.000 Z=-210.455), Max=(X=2930.000 Y=3390.000 Z=410.455) RuntimeBounds:IsValid=true, Min=(X=130.000 Y=90.000 Z=-210.455), Max=(X=2930.000 Y=3390.000 Z=410.455) RuntimeGrid:None EditorOnly:false RuntimeOnly:false HLODRelevant:false ListedInSceneOutliner:true IsMainWorldOnly:false
 |   |   |- [+] [ 10]
 |   |   |   |- Guid:94154B9924CE3EB3AC1DD6A45963B8E5 NativeClass:/Script/Engine.PostProcessVolume Name:PostProcessVolume_0 Label:PostProcessVolume SpatiallyLoaded:false EditorBounds:IsValid=true, Min=(X=0.000 Y=0.000 Z=400.000), Max=(X=200.000 Y=200.000 Z=600.000) RuntimeBounds:IsValid=true, Min=(X=0.000 Y=0.000 Z=400.000), Max=(X=200.000 Y=200.000 Z=600.000) RuntimeGrid:None EditorOnly:false RuntimeOnly:false HLODRelevant:false ListedInSceneOutliner:true IsMainWorldOnly:false FolderPath:Lighting FolderGuid:D9E1224C415FCB205E4105B3245ADAAB
 |   |   |- [+] [ 11]
 |   |   |   |- Guid:9ECAB6A18EDF3F4DBAC9EC9E6BFB4105 NativeClass:/Script/Engine.VolumetricCloud Name:VolumetricCloud_0 Label:VolumetricCloud SpatiallyLoaded:false EditorBounds:IsValid=true, Min=(X=-128.000 Y=-128.000 Z=692.000), Max=(X=128.000 Y=128.000 Z=948.000) RuntimeBounds:IsValid=true, Min=(X=0.000 Y=0.000 Z=820.000), Max=(X=0.000 Y=0.000 Z=820.000) RuntimeGrid:None EditorOnly:false RuntimeOnly:false HLODRelevant:false ListedInSceneOutliner:true IsMainWorldOnly:false FolderPath:Lighting FolderGuid:D9E1224C415FCB205E4105B3245ADAAB
 |   |   |- [+] [ 12]
 |   |   |   |- Guid:B75A139F84A7311ABA757455AFFFCF93 NativeClass:/Script/Engine.StaticMeshActor Name:StaticMeshActor_26 Label:SM_QuarterCylinder7 SpatiallyLoaded:true EditorBounds:IsValid=true, Min=(X=1236.000 Y=1528.000 Z=-256.000), Max=(X=1364.000 Y=1592.000 Z=256.000) RuntimeBounds:IsValid=true, Min=(X=1236.000 Y=1528.000 Z=-256.000), Max=(X=1364.000 Y=1592.000 Z=256.000) RuntimeGrid:None EditorOnly:false RuntimeOnly:false HLODRelevant:true ListedInSceneOutliner:true IsMainWorldOnly:false FolderPath:Block03 FolderGuid:EED76D7B47CF3E1440F359A1FAC3309E
 |   |   |- [+] [ 13]
 |   |   |   |- Guid:C8401442EE293306BC8940D071C6F13F NativeClass:/Script/Engine.TextRenderActor Name:TextRenderActor_0 Label:TextRenderActor SpatiallyLoaded:true EditorBounds:IsValid=true, Min=(X=-128.100 Y=972.000 Z=12.013), Max=(X=127.900 Y=2363.461 Z=268.013) RuntimeBounds:IsValid=true, Min=(X=-0.100 Y=1100.000 Z=65.013), Max=(X=-0.100 Y=2363.461 Z=215.013) RuntimeGrid:None EditorOnly:false RuntimeOnly:false HLODRelevant:false ListedInSceneOutliner:true IsMainWorldOnly:false
 |   |   |- [+] [ 14]
 |   |   |   |- Guid:CAF079F4AD913433AA26F69B1A8D600A NativeClass:/Script/Engine.StaticMeshActor Name:StaticMeshActor_3 Label:SM_Cube3 SpatiallyLoaded:true EditorBounds:IsValid=true, Min=(X=0.000 Y=3400.000 Z=0.000), Max=(X=3000.000 Y=3500.000 Z=400.000) RuntimeBounds:IsValid=true, Min=(X=0.000 Y=3400.000 Z=0.000), Max=(X=3000.000 Y=3500.000 Z=400.000) RuntimeGrid:None EditorOnly:false RuntimeOnly:false HLODRelevant:true ListedInSceneOutliner:true IsMainWorldOnly:false FolderPath:Playground FolderGuid:CDC3EA2D424DF73175D386948543BF31
 |   |   |- [+] [ 15]
 |   |   |   |- Guid:CC978C0DC2543A9D90A034BB3583403B NativeClass:/Script/LevelSequence.LevelSequenceActor Name:LevelSequenceActor_UAID_40B07608AE9611AD02_1177008180 Label:NewLevelSequence SpatiallyLoaded:false EditorBounds:IsValid=true, Min=(X=1236.000 Y=917.000 Z=-196.000), Max=(X=1492.000 Y=1173.000 Z=60.000) RuntimeBounds:IsValid=true, Min=(X=1364.000 Y=1045.000 Z=-68.000), Max=(X=1364.000 Y=1045.000 Z=-68.000) RuntimeGrid:None EditorOnly:false RuntimeOnly:false HLODRelevant:false ListedInSceneOutliner:true IsMainWorldOnly:false
 |   |   |- [+] [ 16]
 |   |   |   |- Guid:E449D3E1986E38F0BDCA23911BE048B6 NativeClass:/Script/Engine.StaticMeshActor Name:StaticMeshActor_0 Label:SM_Cube SpatiallyLoaded:true EditorBounds:IsValid=true, Min=(X=0.000 Y=0.000 Z=-50.000), Max=(X=3000.000 Y=3500.000 Z=0.000) RuntimeBounds:IsValid=true, Min=(X=0.000 Y=0.000 Z=-50.000), Max=(X=3000.000 Y=3500.000 Z=0.000) RuntimeGrid:None EditorOnly:false RuntimeOnly:false HLODRelevant:true ListedInSceneOutliner:true IsMainWorldOnly:false FolderPath:Playground FolderGuid:CDC3EA2D424DF73175D386948543BF31
 |   |   |- [+] [ 17]
 |   |   |   |- Guid:E58D97CF1DC43AC1ABA74365C53B66FA NativeClass:/Script/Engine.WorldDataLayers Name:WorldDataLayers Label:WorldDataLayers-1 SpatiallyLoaded:false EditorBounds:IsValid=false, Min=(X=0.000 Y=0.000 Z=0.000), Max=(X=0.000 Y=0.000 Z=0.000) RuntimeBounds:IsValid=false, Min=(X=0.000 Y=0.000 Z=0.000), Max=(X=0.000 Y=0.000 Z=0.000) RuntimeGrid:None EditorOnly:false RuntimeOnly:false HLODRelevant:false ListedInSceneOutliner:true IsMainWorldOnly:true
 |   |   |- [+] [ 18]
 |   |   |   |- Guid:F526D0B4617A37EA9B6A14ABAFF9D02D NativeClass:/Script/Engine.StaticMeshActor Name:StaticMeshActor_UAID_A4AE111137DC5FFB00_1159438599 Label:SM_SkySphere SpatiallyLoaded:false EditorBounds:IsValid=true, Min=(X=-1638400.000 Y=-1638400.000 Z=-1638400.000), Max=(X=1638400.000 Y=1638400.000 Z=1638400.000) RuntimeBounds:IsValid=true, Min=(X=-1638400.000 Y=-1638400.000 Z=-1638400.000), Max=(X=1638400.000 Y=1638400.000 Z=1638400.000) RuntimeGrid:None EditorOnly:false RuntimeOnly:false HLODRelevant:false ListedInSceneOutliner:true IsMainWorldOnly:false FolderPath:Lighting FolderGuid:D9E1224C415FCB205E4105B3245ADAAB
 |   |   |- [+] [ 19]
 |   |   |   |- Guid:FA96DC722363306BA4492F1932F65E16 NativeClass:/Script/LevelSequence.LevelSequenceActor Name:LevelSequenceActor_UAID_40B07608AE9628AD02_1321829223 Label:NewLevelSequence3 SpatiallyLoaded:false EditorBounds:IsValid=true, Min=(X=432.000 Y=772.000 Z=-338.000), Max=(X=688.000 Y=1028.000 Z=-82.000) RuntimeBounds:IsValid=true, Min=(X=560.000 Y=900.000 Z=-210.000), Max=(X=560.000 Y=900.000 Z=-210.000) RuntimeGrid:None EditorOnly:false RuntimeOnly:false HLODRelevant:false ListedInSceneOutliner:true IsMainWorldOnly:false
 |   |   |- [+] [ 20]
 |   |   |   |- Guid:FD593C33818932B3B76D0D197BA8E70A NativeClass:/Script/NavigationSystem.RecastNavMesh Name:RecastNavMesh_UAID_40B07608AE96D4AB02-Default Label:RecastNavMesh-Default SpatiallyLoaded:false EditorBounds:IsValid=true, Min=(X=0.000 Y=0.000 Z=0.000), Max=(X=0.000 Y=0.000 Z=0.000) RuntimeBounds:IsValid=true, Min=(X=0.000 Y=0.000 Z=0.000), Max=(X=0.000 Y=0.000 Z=0.000) RuntimeGrid:None EditorOnly:false RuntimeOnly:false HLODRelevant:false ListedInSceneOutliner:true IsMainWorldOnly:false
 |- ContainerInstances:
 |- [+] MainContainer:
 |   |-        ID: 00000000000000000000000000000000
 |   |-  ParentID: 00000000000000000000000000000000
 |   |-    Bounds: IsValid=false, Min=(X=0.000 Y=0.000 Z=0.000), Max=(X=0.000 Y=0.000 Z=0.000)
 |   |- Transform: 0.000000,0.000000,0.000000|0.000000,0.000000,-0.000000|1.000000,1.000000,1.000000
 |   |- Container: /Game/FirstPerson/Maps/DisplayMap
----------------------------------------------------------------------------------------------------------------
DisplayMap - Persistent Level
----------------------------------------------------------------------------------------------------------------
[+] Content of DisplayMap Persistent Level
 |- Always loaded Actor Count: 21 
 |- Actor Path: /Game/FirstPerson/Maps/DisplayMap.DisplayMap:PersistentLevel.DirectionalLight_0
 |- Actor Package: /Game/__ExternalActors__/FirstPerson/Maps/DisplayMap/D/78/5689U56CDCOFL21KJR8E5L
 |- Actor Path: /Game/FirstPerson/Maps/DisplayMap.DisplayMap:PersistentLevel.ExponentialHeightFog_0
 |- Actor Package: /Game/__ExternalActors__/FirstPerson/Maps/DisplayMap/0/K5/4XIG3EAL4EKJ2G9M94R4SB
 |- Actor Path: /Game/FirstPerson/Maps/DisplayMap.DisplayMap:PersistentLevel.LevelSequenceActor_UAID_40B07608AE9611AD02_1177008180
 |- Actor Package: /Game/__ExternalActors__/FirstPerson/Maps/DisplayMap/B/IF/ELW7QBWNJMSQW40JJ10KEV
 |- Actor Path: /Game/FirstPerson/Maps/DisplayMap.DisplayMap:PersistentLevel.LevelSequenceActor_UAID_40B07608AE9615AD02_1472253887
 |- Actor Package: /Game/__ExternalActors__/FirstPerson/Maps/DisplayMap/2/AV/TBC5WH32IXCDQTGSWKR41N
 |- Actor Path: /Game/FirstPerson/Maps/DisplayMap.DisplayMap:PersistentLevel.LevelSequenceActor_UAID_40B07608AE9628AD02_1321829223
 |- Actor Package: /Game/__ExternalActors__/FirstPerson/Maps/DisplayMap/4/3Z/C6OXZYC5M9I0RST4RC2ZID
 |- Actor Path: /Game/FirstPerson/Maps/DisplayMap.DisplayMap:PersistentLevel.NavMeshBoundsVolume_UAID_40B07608AE96D4AB02_1628482383
 |- Actor Package: /Game/__ExternalActors__/FirstPerson/Maps/DisplayMap/E/TL/86YNTN583B0QZL58G308HQ
 |- Actor Path: /Game/FirstPerson/Maps/DisplayMap.DisplayMap:PersistentLevel.PlayerStart_0
 |- Actor Package: /Game/__ExternalActors__/FirstPerson/Maps/DisplayMap/1/79/2GWZ2YOR878HPB7GHR5W2Q
 |- Actor Path: /Game/FirstPerson/Maps/DisplayMap.DisplayMap:PersistentLevel.PostProcessVolume_0
 |- Actor Package: /Game/__ExternalActors__/FirstPerson/Maps/DisplayMap/1/PR/ZERWLFEGWQQ66XRIE6A6WH
 |- Actor Path: /Game/FirstPerson/Maps/DisplayMap.DisplayMap:PersistentLevel.RecastNavMesh_UAID_40B07608AE96D4AB02-Default
 |- Actor Package: /Game/__ExternalActors__/FirstPerson/Maps/DisplayMap/1/KE/H3HTBJ7EBNVVF2LNUL4LQM
 |- Actor Path: /Game/FirstPerson/Maps/DisplayMap.DisplayMap:PersistentLevel.SkyAtmosphere_0
 |- Actor Package: /Game/__ExternalActors__/FirstPerson/Maps/DisplayMap/2/B9/SEROCW8T19CZWQ3ZWTHDIH
 |- Actor Path: /Game/FirstPerson/Maps/DisplayMap.DisplayMap:PersistentLevel.SkyLight_0
 |- Actor Package: /Game/__ExternalActors__/FirstPerson/Maps/DisplayMap/1/RB/LXT0CHQJ18CUMJFJ4X5UFJ
 |- Actor Path: /Game/FirstPerson/Maps/DisplayMap.DisplayMap:PersistentLevel.StaticMeshActor_0
 |- Actor Package: /Game/__ExternalActors__/FirstPerson/Maps/DisplayMap/D/KG/DIETLC8FQ6XTJODP1Y8SUX
 |- Actor Path: /Game/FirstPerson/Maps/DisplayMap.DisplayMap:PersistentLevel.StaticMeshActor_2
 |- Actor Package: /Game/__ExternalActors__/FirstPerson/Maps/DisplayMap/3/YU/4N11LEKRHDHYOMY5U6IN7R
 |- Actor Path: /Game/FirstPerson/Maps/DisplayMap.DisplayMap:PersistentLevel.StaticMeshActor_26
 |- Actor Package: /Game/__ExternalActors__/FirstPerson/Maps/DisplayMap/7/VE/MYXQVBH9UZBAWBV71ZDCII
 |- Actor Path: /Game/FirstPerson/Maps/DisplayMap.DisplayMap:PersistentLevel.StaticMeshActor_3
 |- Actor Package: /Game/__ExternalActors__/FirstPerson/Maps/DisplayMap/A/0Y/ND0ACD7QI88NLF03WUJSR5
 |- Actor Path: /Game/FirstPerson/Maps/DisplayMap.DisplayMap:PersistentLevel.StaticMeshActor_7
 |- Actor Package: /Game/__ExternalActors__/FirstPerson/Maps/DisplayMap/5/W4/7X0ZTWGEDR01EHT5HAIH53
 |- Actor Path: /Game/FirstPerson/Maps/DisplayMap.DisplayMap:PersistentLevel.StaticMeshActor_8
 |- Actor Package: /Game/__ExternalActors__/FirstPerson/Maps/DisplayMap/1/8D/2IBODC1EI2PZHWQQXFWMQH
 |- Actor Path: /Game/FirstPerson/Maps/DisplayMap.DisplayMap:PersistentLevel.StaticMeshActor_UAID_A4AE111137DC5FFB00_1159438599
 |- Actor Package: /Game/__ExternalActors__/FirstPerson/Maps/DisplayMap/0/KV/A7UUTIU6XZROR8RHN0QT4V
 |- Actor Path: /Game/FirstPerson/Maps/DisplayMap.DisplayMap:PersistentLevel.TextRenderActor_0
 |- Actor Package: /Game/__ExternalActors__/FirstPerson/Maps/DisplayMap/4/9Z/QS456MBMFX39CE0XDW4R4F
 |- Actor Path: /Game/FirstPerson/Maps/DisplayMap.DisplayMap:PersistentLevel.VolumetricCloud_0
 |- Actor Package: /Game/__ExternalActors__/FirstPerson/Maps/DisplayMap/8/UR/Z38NVHBFOCYULU2ACCZEKX
 |- Actor Path: /Game/FirstPerson/Maps/DisplayMap.DisplayMap:PersistentLevel.WorldDataLayers
 |- Actor Package: /Game/__ExternalActors__/FirstPerson/Maps/DisplayMap/5/W2/PKZZR9ZMT5PW03NRJ3EIAY

----------------------------------------------------------------------------------------------------------------
DisplayMap - Runtime Hash Set
----------------------------------------------------------------------------------------------------------------

